待查 DOI 条数: 304
未找到: 30 条; 零重叠: 1 条; 通过: 273 条
  [未找到] [13] 10.1016/S0065-2717(08)70223-5 HTTP 429
  [未找到] [71] 10.16333/j.1001-6880.2017.S.023 HTTP 404
  [未找到] [72] 10.3976/j.issn.1002-4026.2023.04.002 HTTP 404
  [未找到] [74] 10.88888/j.0253-2670.2019.13.3052-3057 HTTP 404
  [未找到] [76] 10.88888/j.0253-2670.2020.5.1226-1232 HTTP 404
  [未找到] [79] 10.13386/j.issn1002-0306.2020050009 HTTP 404
  [未找到] [81] 10.14148/j.issn.1672-0482.2021.0786 HTTP 404
  [未找到] [86] 10.11975/j.issn.1002-6819.2015.11.041 HTTP 404
  [未找到] [88] 10.13748/j.cnki.issn1007-7693.20223758 HTTP 404
  [未找到] [118] 10.13386/j.issn1002-0306.2017.07.040 HTTP 404
  [未找到] [126] 10.11975/j.issn.1002-6819.202406126 HTTP 404
  [未找到] [129] 10.13995/j.cnki.11-1802/ts.040176 HTTP 404
  [未找到] [132] 10.13657/j.cnki.gxkxyxb.20260107.006 HTTP 404
  [未找到] [133] 10.16429/j.1009-7848.2024.01.021 HTTP 404
  [未找到] [245] 10.11975/j.issn.1002-6819.2021.12.033 HTTP 404
  [未找到] [259] 10.7501/j.issn.0253-2670.2022.09.031 HTTP 404
  [未找到] [260] 10.7501/j.issn.0253-2670.2022.02.032 HTTP 404
  [未找到] [327] 10.19540/j.cnki.cjcmm.20230331.301 HTTP 404
  [未找到] [329] 10.11975/j.issn.1002-6819.202307126 HTTP 404
  [未找到] [338] 10.11975/j.issn.1002-6819.2021.05.034 HTTP 404
  [未找到] [347] 10.13427/j.cnki.njyi.2023.09.009 HTTP 404
  [未找到] [357] 10.13733/j.jcam.issn.2095-5553.2023.01.022 HTTP 404
  [未找到] [371] 10.13733/j.jcam.issn.2095-5553.2026.07.038 HTTP 404
  [未找到] [373] 10.13922/j.cnki.cjvst.202304009 HTTP 404
  [未找到] [374] 10.13386/j.issn1002-0306.2023120125 HTTP 404
  [未找到] [378] 10.19554/j.cnki.1001-3563.2021.21.002 HTTP 404
  [未找到] [414] 10.13335/j.1000-3673.pst.2025.1065 HTTP 404
  [未找到] [428] 10.11975/j.issn.1002-6819.202306104 HTTP 404
  [未找到] [429] 10.11841/j.issn.1007-4333.2023.01.13 HTTP 404
  [未找到] [438] 10.13386/j.issn1002-0306.2020010245 HTTP 404
  [零重叠] [281] 10.1201/9780429461040
      本库: Joardder M U H, Akram W, Karim A. Heat and Mass Transfer Modelling During Drying: Empirical to Multi
      Crossref: Heat and Mass Transfer Modelling During Drying
